    Finished `test` profile [unoptimized + debuginfo] target(s) in 0.24s
     Running unittests src/lib.rs (target/debug/deps/anchor_attribute_access_control-00cfff310333b084)

running 0 tests

test result: ok. 0 passed; 0 failed; 0 ignored; 0 measured; 0 filtered out; finished in 0.00s

     Running unittests src/lib.rs (target/debug/deps/anchor_attribute_account-b103c25521de755b)

running 0 tests

test result: ok. 0 passed; 0 failed; 0 ignored; 0 measured; 0 filtered out; finished in 0.00s

     Running unittests src/lib.rs (target/debug/deps/anchor_attribute_constant-692177a8cbca45d5)

running 0 tests

test result: ok. 0 passed; 0 failed; 0 ignored; 0 measured; 0 filtered out; finished in 0.00s

     Running unittests src/lib.rs (target/debug/deps/anchor_attribute_error-4bd3c20e3d143386)

running 0 tests

test result: ok. 0 passed; 0 failed; 0 ignored; 0 measured; 0 filtered out; finished in 0.00s

     Running unittests src/lib.rs (target/debug/deps/anchor_attribute_event-f40dadeae2ca7b3c)

running 0 tests

test result: ok. 0 passed; 0 failed; 0 ignored; 0 measured; 0 filtered out; finished in 0.00s

     Running unittests src/lib.rs (target/debug/deps/anchor_attribute_program-505b9749e96d0a03)

running 0 tests

test result: ok. 0 passed; 0 failed; 0 ignored; 0 measured; 0 filtered out; finished in 0.00s

     Running unittests src/lib.rs (target/debug/deps/anchor_cli-28073176eabfe798)

running 21 tests
test config::tests::parse_skip_lint_no_value ... ok
test config::tests::parse_skip_lint_no_section ... ok
test config::tests::parse_skip_lint_false ... ok
test config::tests::parse_custom_cluster_map ... ok
test config::tests::parse_skip_lint_true ... ok
test config::tests::parse_custom_cluster_str ... ok
test keygen::tests::test_invalid_word_count ... ok
test keygen::tests::test_keygen_pubkey ... ok
test tests::idl_ts_preserves_literal_values ... ok
test config::tests::test_toml_resolves_account_dir_relative_to_file ... ok
test tests::test_init_reserved_word - should panic ... ok
test tests::test_init_reserved_word_from_syn - should panic ... ok
test tests::test_init_starting_with_digit - should panic ... ok
test keygen::tests::test_keygen_verify ... ok
test program::tests::discover_solana_programs_errors_for_nonmember_current_crate ... ok
test keygen::tests::test_keypair_with_passphrase ... ok
test keygen::tests::test_keypair_from_seed_consistency ... ok
test program::tests::discover_solana_programs_lists_all_members_from_nested_member ... ok
test keygen::tests::test_keygen_new ... ok
test program::tests::discover_solana_programs_finds_sibling_programs_from_nested_member ... ok
test keygen::tests::test_word_count_variations ... ok

test result: ok. 21 passed; 0 failed; 0 ignored; 0 measured; 0 filtered out; finished in 0.12s

     Running unittests src/bin/main.rs (target/debug/deps/anchor-3142cc3b4c18ac21)

running 0 tests

test result: ok. 0 passed; 0 failed; 0 ignored; 0 measured; 0 filtered out; finished in 0.00s

     Running unittests src/lib.rs (target/debug/deps/anchor_cli_macros-371fbe9d57bbf9af)

running 0 tests

test result: ok. 0 passed; 0 failed; 0 ignored; 0 measured; 0 filtered out; finished in 0.00s

     Running unittests src/lib.rs (target/debug/deps/anchor_client-7cdc4a0f3764a946)

running 14 tests
test cluster::tests::test_cluster_parse ... ok
test cluster::tests::test_cluster_bad_parse - should panic ... ok
test cluster::tests::test_upper_case ... ok
test cluster::tests::test_http_port ... ok
test cluster::tests::test_http_no_port ... ok
test cluster::tests::test_https_port ... ok
test cluster::tests::test_https_no_port ... ok
test tests::handle_system_log_pop ... ok
test tests::handle_system_log_no_pop ... ok
test tests::new_execution ... ok
test tests::test_parse_logs_response ... ok
test tests::multiple_listeners_no_deadlock ... ok
test tests::test_parse_logs_response_log_line_ends_with_invoke_1 ... ok
test tests::test_parse_logs_response_fake_pop ... ok

test result: ok. 14 passed; 0 failed; 0 ignored; 0 measured; 0 filtered out; finished in 0.00s

     Running unittests src/lib.rs (target/debug/deps/anchor_derive_accounts-4f8ec85fa6de4a70)

running 0 tests

test result: ok. 0 passed; 0 failed; 0 ignored; 0 measured; 0 filtered out; finished in 0.00s

     Running unittests src/lib.rs (target/debug/deps/anchor_derive_serde-7f715578b52d61a3)

running 0 tests

test result: ok. 0 passed; 0 failed; 0 ignored; 0 measured; 0 filtered out; finished in 0.00s

     Running unittests src/lib.rs (target/debug/deps/anchor_derive_space-1b1e733e42b21027)

running 0 tests

test result: ok. 0 passed; 0 failed; 0 ignored; 0 measured; 0 filtered out; finished in 0.00s

     Running unittests src/lib.rs (target/debug/deps/anchor_lang-eca507f92076180d)

running 19 tests
test accounts::migration::tests::test_deref_works_before_migration ... ok
test accounts::migration::tests::test_into_inner_migrates_and_returns_reference ... ok
test accounts::migration::tests::test_deref_panics_after_migration - should panic ... ok
test accounts::migration::tests::test_is_migrated_returns_false_initially ... ok
test accounts::migration::tests::test_into_inner_mut_allows_mutation ... ok
test accounts::migration::tests::test_into_inner_is_idempotent ... ok
test accounts::migration::tests::test_migrate_fails_if_already_migrated ... ok
test accounts::migration::tests::test_is_migrated_returns_true_after_migrate ... ok
test accounts::migration::tests::test_try_as_from_mut_works_before_migration ... ok
test accounts::migration::tests::test_try_as_from_returns_data_before_migration ... ok
test accounts::migration::tests::test_try_as_from_returns_error_after_migration ... ok
test accounts::migration::tests::test_try_from_fails_with_uninitialized_account ... ok
test accounts::migration::tests::test_try_from_fails_with_wrong_owner ... ok
test accounts::program::tests::program_system_accepts_system_account ... ok
test accounts::program::tests::program_system_rejects_non_executable_system_account ... ok
test accounts::program::tests::program_system_rejects_non_system_account ... ok
test accounts::program::tests::program_unit_accepts_arbitrary_executable ... ok
test vec::tests::test_accounts_trait_for_vec ... ok
test vec::tests::test_accounts_trait_for_vec_empty - should panic ... ok

test result: ok. 19 passed; 0 failed; 0 ignored; 0 measured; 0 filtered out; finished in 0.00s

     Running tests/account_loader_truncation.rs (target/debug/deps/account_loader_truncation-ba35a7d4d91b1518)

running 5 tests
test test_id ... ok
test test_load_init_truncated ... ok
test test_load_truncated ... ok
test test_load_mut_truncated ... ok
test test_load_valid_full_size ... ok

test result: ok. 5 passed; 0 failed; 0 ignored; 0 measured; 0 filtered out; finished in 0.00s

     Running tests/account_reload.rs (target/debug/deps/account_reload-2ad9a93196da7374)

running 5 tests
test interface_reload_owner_unchanged_updates_data ... ok
test reload_error_does_not_mutate_cached_state ... ok
test test_id ... ok
test reload_owner_changed_fails ... ok
test reload_owner_unchanged_updates_data ... ok

test result: ok. 5 passed; 0 failed; 0 ignored; 0 measured; 0 filtered out; finished in 0.00s

     Running tests/generics_test.rs (target/debug/deps/generics_test-6bc0144a1da8f26f)

running 1 test
test test_id ... ok

test result: ok. 1 passed; 0 failed; 0 ignored; 0 measured; 0 filtered out; finished in 0.00s

     Running tests/macros.rs (target/debug/deps/macros-2b441bcddab50942)

running 3 tests
test id::test_id ... ok
test test_pubkey ... ok
test test_declare_id ... ok

test result: ok. 3 passed; 0 failed; 0 ignored; 0 measured; 0 filtered out; finished in 0.00s

     Running tests/primitive_space.rs (target/debug/deps/primitive_space-690b47e08d462973)

running 5 tests
test test_array_with_primitive_type_aliases ... ok
test test_complex_type_aliases_with_initspace ... ok
test test_primitive_space_implementations ... ok
test test_type_alias_with_initspace ... ok
test test_github_issue_3628_scenario ... ok

test result: ok. 5 passed; 0 failed; 0 ignored; 0 measured; 0 filtered out; finished in 0.00s

     Running tests/seeds_compile.rs (target/debug/deps/seeds_compile-cbb0f8853d658f6c)

running 1 test
test test_id ... ok

test result: ok. 1 passed; 0 failed; 0 ignored; 0 measured; 0 filtered out; finished in 0.00s

     Running tests/serialization.rs (target/debug/deps/serialization-b102f04c48870f87)

running 2 tests
test test_borsh_attributes ... ok
test test_instruction_data ... ok

test result: ok. 2 passed; 0 failed; 0 ignored; 0 measured; 0 filtered out; finished in 0.00s

     Running tests/space.rs (target/debug/deps/space-76509978cc7c946c)

running 23 tests
test test_basic_enum ... ok
test test_basic_struct ... ok
test test_complex_struct ... ok
test test_const ... ok
test test_empty_enum ... ok
test test_basic_tuple ... ok
test test_deeply_nested_vec ... ok
test test_full_path ... ok
test test_id ... ok
test test_empty_struct ... ok
test test_matrix_struct ... ok
test test_module_const ... ok
test test_module_const_comprehensive ... ok
test test_nested_struct ... ok
test test_nested_tuple_complexity ... ok
test test_option_vec_struct ... ok
test test_tuple_space_calculations ... ok
test test_tuple_with_arrays ... ok
test test_tuple_with_options ... ok
test test_tuple_with_structs ... ok
test test_unit_struct ... ok
test test_unnamed_struct ... ok
test test_zero_copy_struct ... ok

test result: ok. 23 passed; 0 failed; 0 ignored; 0 measured; 0 filtered out; finished in 0.00s

     Running tests/zero_copy.rs (target/debug/deps/zero_copy-0b1534bda905279b)

running 2 tests
test test_id ... ok
test zero_copy_try_deserialize_handles_unaligned_bytes ... ok

test result: ok. 2 passed; 0 failed; 0 ignored; 0 measured; 0 filtered out; finished in 0.00s

     Running unittests src/lib.rs (target/debug/deps/anchor_lang_error-62d512f0a1b9a918)

running 0 tests

test result: ok. 0 passed; 0 failed; 0 ignored; 0 measured; 0 filtered out; finished in 0.00s

     Running unittests src/lib.rs (target/debug/deps/anchor_lang_idl-5f7be1a66162d952)

running 0 tests

test result: ok. 0 passed; 0 failed; 0 ignored; 0 measured; 0 filtered out; finished in 0.00s

     Running unittests src/lib.rs (target/debug/deps/anchor_lang_idl_spec-abb2fef68f335995)

running 17 tests
test tests::array ... ok
test tests::array_empty_length_error ... ok
test tests::array_malformed_colon_error ... ok
test tests::array_invalid_generic_name_error ... ok
test tests::array_empty_type_error ... ok
test tests::array_missing_semicolon_error ... ok
test tests::array_with_underscored_length ... ok
test tests::array_numeric_parsing_edge_cases ... ok
test tests::defined ... ok
test tests::defined_with_generics ... ok
test tests::empty_string_error ... ok
test tests::generic_array ... ok
test tests::multidimensional_array ... ok
test tests::nested_array_malformed_error ... ok
test tests::option ... ok
test tests::valid_nested_array ... ok
test tests::vector ... ok

test result: ok. 17 passed; 0 failed; 0 ignored; 0 measured; 0 filtered out; finished in 0.00s

     Running unittests src/lib.rs (target/debug/deps/anchor_spl-22ebc62d501e5a7e)

running 2 tests
test mint::srm::test_id ... ok
test mint::usdc::test_id ... ok

test result: ok. 2 passed; 0 failed; 0 ignored; 0 measured; 0 filtered out; finished in 0.00s

     Running unittests src/lib.rs (target/debug/deps/anchor_syn-703895e7bd04e18e)

running 2 tests
test parser::accounts::constraints::tests::rejects_string_literal_raw_constraint ... ok
test parser::accounts::constraints::tests::accepts_boolean_expression_that_compares_against_a_literal ... ok

test result: ok. 2 passed; 0 failed; 0 ignored; 0 measured; 0 filtered out; finished in 0.00s

     Running unittests src/lib.rs (target/debug/deps/avm-0e924739ad9caf44)

running 13 tests
test tests::test_append_commit_pre_release_version ... ok
test tests::test_append_commit_stable_version ... ok
test tests::test_github_rate_limit_reset_time ... ok
test tests::test_version_binary_path ... ok
test tests::test_uninstall_non_installed_version - should panic ... ok
test tests::test_uninstalled_in_use_version - should panic ... ok
test tests::test_ensure_paths ... ok
test tests::test_read_installed_versions ... ok
test tests::test_read_anchorversion ... ok
test tests::test_current_version ... ok
test tests::test_get_anchor_version_from_commit ... ok
test tests::test_check_and_get_full_commit_when_full_commit ... ok
test tests::test_check_and_get_full_commit_when_partial_commit ... ok

test result: ok. 13 passed; 0 failed; 0 ignored; 0 measured; 0 filtered out; finished in 1.63s

     Running unittests src/main.rs (target/debug/deps/avm-8b617c409a78b194)

running 15 tests
test tests::test_is_pre_release_alpha ... ok
test tests::test_is_pre_release_beta ... ok
test tests::test_is_pre_release_commit_hash ... ok
test tests::test_is_pre_release_rc ... ok
test tests::test_is_pre_release_short_commit ... ok
test tests::test_parse_install_target_alpha_version ... ok
test tests::test_parse_install_target_pre_release_version ... ok
test tests::test_parse_install_target_commit_as_prerelease ... ok
test tests::test_parse_install_target_stable_version ... ok
test tests::test_resolve_use_version_invalid ... ok
test tests::test_resolve_use_version_none ... ok
test tests::test_resolve_use_version_specific_pre_release ... ok
test tests::test_resolve_use_version_specific_stable ... ok
test tests::test_resolve_use_version_latest_is_stable ... ok
test tests::test_parse_install_target_bare_commit_hash ... ok

test result: ok. 15 passed; 0 failed; 0 ignored; 0 measured; 0 filtered out; finished in 0.66s

   Doc-tests anchor_attribute_access_control

running 1 test
test lang/attribute/access-control/src/lib.rs - access_control (line 11) ... ignored

test result: ok. 0 passed; 0 failed; 1 ignored; 0 measured; 0 filtered out; finished in 0.00s

   Doc-tests anchor_attribute_account

running 2 tests
test lang/attribute/account/src/lib.rs - account (line 73) ... ignored
test lang/attribute/account/src/lib.rs - zero_copy (line 494) ... ignored

test result: ok. 0 passed; 0 failed; 2 ignored; 0 measured; 0 filtered out; finished in 0.00s

   Doc-tests anchor_attribute_constant

running 0 tests

test result: ok. 0 passed; 0 failed; 0 ignored; 0 measured; 0 filtered out; finished in 0.00s

   Doc-tests anchor_attribute_error

running 2 tests
test lang/attribute/error/src/lib.rs - error (line 75) ... ignored
test lang/attribute/error/src/lib.rs - error_code (line 23) ... ignored

test result: ok. 0 passed; 0 failed; 2 ignored; 0 measured; 0 filtered out; finished in 0.00s

   Doc-tests anchor_attribute_event

running 2 tests
test lang/attribute/event/src/lib.rs - emit (line 81) ... ignored
test lang/attribute/event/src/lib.rs - emit (line 86) ... ignored

test result: ok. 0 passed; 0 failed; 2 ignored; 0 measured; 0 filtered out; finished in 0.00s

   Doc-tests anchor_attribute_program

running 2 tests
test lang/attribute/program/src/lib.rs - declare_program (line 64) ... ignored
test lang/attribute/program/src/lib.rs - instruction (line 100) ... ignored

test result: ok. 0 passed; 0 failed; 2 ignored; 0 measured; 0 filtered out; finished in 0.00s

   Doc-tests anchor_cli

running 2 tests
test cli/src/lib.rs - create_files (line 1636) - compile ... ok
test cli/src/lib.rs - override_or_create_files (line 1672) - compile ... ok

test result: ok. 2 passed; 0 failed; 0 ignored; 0 measured; 0 filtered out; finished in 0.09s

   Doc-tests anchor_cli_macros

running 0 tests

test result: ok. 0 passed; 0 failed; 0 ignored; 0 measured; 0 filtered out; finished in 0.00s

   Doc-tests anchor_client

running 5 tests
test client/src/lib.rs - (line 9) ... ignored
test client/src/lib.rs - RequestBuilder<'_,C,S>::accounts (line 576) ... ignored
test client/src/blocking.rs - blocking::RequestBuilder<'a,C,Box<dynSigner+'a>>::send_versioned (line 209) - compile ... ok
test client/src/blocking.rs - blocking::RequestBuilder<'a,C,Box<dynSigner+'a>>::signed_transaction_versioned (line 167) - compile ... ok
test client/src/lib.rs - RequestBuilder<'_,C,S>::transaction_versioned (line 644) - compile ... ok

test result: ok. 3 passed; 0 failed; 2 ignored; 0 measured; 0 filtered out; finished in 0.08s

   Doc-tests anchor_derive_accounts

running 1 test
test lang/derive/accounts/src/lib.rs - derive_accounts (line 21) ... ignored

test result: ok. 0 passed; 0 failed; 1 ignored; 0 measured; 0 filtered out; finished in 0.00s

   Doc-tests anchor_derive_serde

running 2 tests
test lang/derive/serde/src/lib.rs - anchor_deserialize (line 163) ... ok
test lang/derive/serde/src/lib.rs - anchor_deserialize (line 173) ... ok

test result: ok. 2 passed; 0 failed; 0 ignored; 0 measured; 0 filtered out; finished in 0.54s

   Doc-tests anchor_derive_space

running 1 test
test lang/derive/space/src/lib.rs - derive_init_space (line 24) ... ignored

test result: ok. 0 passed; 0 failed; 1 ignored; 0 measured; 0 filtered out; finished in 0.00s

   Doc-tests anchor_lang

running 42 tests
test lang/src/accounts/account.rs - accounts::account::Account (line 146) ... ignored
test lang/src/accounts/account.rs - accounts::account::Account (line 152) ... ignored
test lang/src/accounts/account.rs - accounts::account::Account (line 158) ... ignored
test lang/src/accounts/account.rs - accounts::account::Account (line 211) ... ignored
test lang/src/accounts/account.rs - accounts::account::Account (line 220) ... ignored
test lang/src/accounts/account.rs - accounts::account::Account (line 44) ... ignored
test lang/src/accounts/account.rs - accounts::account::Account (line 98) ... ignored
test lang/src/accounts/account.rs - accounts::account::Account<'a,T>::set_inner (line 277) ... ignored
test lang/src/accounts/account.rs - accounts::account::Account<'a,T>::set_inner (line 285) ... ignored
test lang/src/accounts/account_loader.rs - accounts::account_loader::AccountLoader (line 46) ... ignored
test lang/src/accounts/boxed.rs - accounts::boxed (line 9) ... ignored
test lang/src/accounts/interface.rs - accounts::interface::Interface (line 33) ... ignored
test lang/src/accounts/interface_account.rs - accounts::interface_account::InterfaceAccount (line 145) ... ignored
test lang/src/accounts/interface_account.rs - accounts::interface_account::InterfaceAccount (line 154) ... ignored
test lang/src/accounts/interface_account.rs - accounts::interface_account::InterfaceAccount (line 44) ... ignored
test lang/src/accounts/interface_account.rs - accounts::interface_account::InterfaceAccount (line 98) ... ignored
test lang/src/accounts/interface_account.rs - accounts::interface_account::InterfaceAccount<'a,T>::set_inner (line 195) ... ignored
test lang/src/accounts/interface_account.rs - accounts::interface_account::InterfaceAccount<'a,T>::set_inner (line 203) ... ignored
test lang/src/accounts/migration.rs - accounts::migration::Migration (line 107) ... ignored
test lang/src/accounts/migration.rs - accounts::migration::Migration (line 61) ... ignored
test lang/src/accounts/migration.rs - accounts::migration::Migration (line 70) ... ignored
test lang/src/accounts/migration.rs - accounts::migration::Migration (line 81) ... ignored
test lang/src/accounts/migration.rs - accounts::migration::Migration (line 95) ... ignored
test lang/src/accounts/migration.rs - accounts::migration::Migration<'info,From,To>::into_inner (line 232) ... ignored
test lang/src/accounts/migration.rs - accounts::migration::Migration<'info,From,To>::into_inner_mut (line 268) ... ignored
test lang/src/accounts/option.rs - accounts::option (line 4) ... ignored
test lang/src/accounts/program.rs - accounts::program::Program (line 45) ... ignored
test lang/src/accounts/program.rs - accounts::program::Program (line 80) ... ignored
test lang/src/accounts/signer.rs - accounts::signer::Signer (line 20) ... ignored
test lang/src/accounts/sysvar.rs - accounts::sysvar::Sysvar (line 27) ... ignored
test lang/src/context.rs - context::Context (line 14) ... ignored
test lang/src/context.rs - context::CpiContext (line 77) ... ignored
test lang/src/lib.rs - Accounts (line 175) ... ignored
test lang/src/lib.rs - Accounts (line 189) ... ignored
test lang/src/lib.rs - err (line 889) ... ignored
test lang/src/lib.rs - require (line 662) ... ignored
test lang/src/lib.rs - require_eq (line 713) ... ignored
test lang/src/lib.rs - require_gt (line 835) ... ignored
test lang/src/lib.rs - require_gte (line 863) ... ignored
test lang/src/lib.rs - require_keys_eq (line 773) ... ignored
test lang/src/lib.rs - require_keys_neq (line 803) ... ignored
test lang/src/lib.rs - require_neq (line 743) ... ignored

test result: ok. 0 passed; 0 failed; 42 ignored; 0 measured; 0 filtered out; finished in 0.00s

   Doc-tests anchor_lang_error

running 0 tests

test result: ok. 0 passed; 0 failed; 0 ignored; 0 measured; 0 filtered out; finished in 0.00s

   Doc-tests anchor_lang_idl

running 1 test
test idl/src/build.rs - build::IdlBuilder (line 50) - compile ... ok

test result: ok. 1 passed; 0 failed; 0 ignored; 0 measured; 0 filtered out; finished in 0.03s

   Doc-tests anchor_lang_idl_spec

running 0 tests

test result: ok. 0 passed; 0 failed; 0 ignored; 0 measured; 0 filtered out; finished in 0.00s

   Doc-tests anchor_spl

running 0 tests

test result: ok. 0 passed; 0 failed; 0 ignored; 0 measured; 0 filtered out; finished in 0.00s

   Doc-tests anchor_syn

running 2 tests
test lang/syn/src/codegen/accounts/duplicate_mutable_account_keys.rs - codegen::accounts::duplicate_mutable_account_keys::generate (line 22) ... ignored
test lang/syn/src/codegen/accounts/duplicate_mutable_account_keys.rs - codegen::accounts::duplicate_mutable_account_keys::generate (line 40) ... ignored

test result: ok. 0 passed; 0 failed; 2 ignored; 0 measured; 0 filtered out; finished in 0.00s

   Doc-tests avm

running 0 tests

test result: ok. 0 passed; 0 failed; 0 ignored; 0 measured; 0 filtered out; finished in 0.00s

